Generated 50 host trees in './generated_trees/host_trees'.
Frequency files stored in './generated_trees/frequencies'.
Host tree generation took 3.15 seconds
1
1
1
1
1
1
Limit reached.
Limit reached.
1
Limit reached.
Limit reached.
Limit reached.
Limit reached.
Limit reached.
Limit reached.
Limit reached.
Limit reached.
Limit reached.
1
Limit reached.
Limit reached.
1
Limit reached.
Limit reached.
Limit reached.
Limit reached.
Limit reached.
Limit reached.
Limit reached.
Limit reached.
Limit reached.
Limit reached.
Limit reached.
Limit reached.
Limit reached.
1
Limit reached.
Limit reached.
Limit reached.
Limit reached.
Limit reached.
Limit reached.
Limit reached.
Limit reached.
Limit reached.
Limit reached.
Limit reached.
Limit reached.
Limit reached.
Limit reached.
Running: java -jar /lustre/fswork/projects/rech/vcu/commun/Co-Phyloformer/generate_host_freq/cophylogeny-ML/code/coala/TGLGenerator.jar -i /lustre/fswork/projects/rech/vcu/commun/Co-Phyloformer/generate_host_freq/generated_trees/host_trees/host_tree_24.nwk -p Dataset24 -n 1 -pc 0.84 -ps 0.12 -pd 0.03
Running: java -jar /lustre/fswork/projects/rech/vcu/commun/Co-Phyloformer/generate_host_freq/cophylogeny-ML/code/coala/TGLGenerator.jar -i /lustre/fswork/projects/rech/vcu/commun/Co-Phyloformer/generate_host_freq/generated_trees/host_trees/host_tree_37.nwk -p Dataset37 -n 1 -pc 0.57 -ps 0.12 -pd 0.24
Running: java -jar /lustre/fswork/projects/rech/vcu/commun/Co-Phyloformer/generate_host_freq/cophylogeny-ML/code/coala/TGLGenerator.jar -i /lustre/fswork/projects/rech/vcu/commun/Co-Phyloformer/generate_host_freq/generated_trees/host_trees/host_tree_2.nwk -p Dataset2 -n 1 -pc 0.54 -ps 0.1 -pd 0.04
Running: java -jar /lustre/fswork/projects/rech/vcu/commun/Co-Phyloformer/generate_host_freq/cophylogeny-ML/code/coala/TGLGenerator.jar -i /lustre/fswork/projects/rech/vcu/commun/Co-Phyloformer/generate_host_freq/generated_trees/host_trees/host_tree_3.nwk -p Dataset3 -n 1 -pc 0.79 -ps 0.02 -pd 0.05
Running: java -jar /lustre/fswork/projects/rech/vcu/commun/Co-Phyloformer/generate_host_freq/cophylogeny-ML/code/coala/TGLGenerator.jar -i /lustre/fswork/projects/rech/vcu/commun/Co-Phyloformer/generate_host_freq/generated_trees/host_trees/host_tree_27.nwk -p Dataset27 -n 1 -pc 0.75 -ps 0.12 -pd 0.06
Running: java -jar /lustre/fswork/projects/rech/vcu/commun/Co-Phyloformer/generate_host_freq/cophylogeny-ML/code/coala/TGLGenerator.jar -i /lustre/fswork/projects/rech/vcu/commun/Co-Phyloformer/generate_host_freq/generated_trees/host_trees/host_tree_41.nwk -p Dataset41 -n 1 -pc 0.78 -ps 0.02 -pd 0.09
Running: java -jar /lustre/fswork/projects/rech/vcu/commun/Co-Phyloformer/generate_host_freq/cophylogeny-ML/code/coala/TGLGenerator.jar -i /lustre/fswork/projects/rech/vcu/commun/Co-Phyloformer/generate_host_freq/generated_trees/host_trees/host_tree_14.nwk -p Dataset14 -n 1 -pc 0.94 -ps 0.01 -pd 0.04
Running: java -jar /lustre/fswork/projects/rech/vcu/commun/Co-Phyloformer/generate_host_freq/cophylogeny-ML/code/coala/TGLGenerator.jar -i /lustre/fswork/projects/rech/vcu/commun/Co-Phyloformer/generate_host_freq/generated_trees/host_trees/host_tree_47.nwk -p Dataset47 -n 1 -pc 0.87 -ps 0.08 -pd 0.04
Running: java -jar /lustre/fswork/projects/rech/vcu/commun/Co-Phyloformer/generate_host_freq/cophylogeny-ML/code/coala/TGLGenerator.jar -i /lustre/fswork/projects/rech/vcu/commun/Co-Phyloformer/generate_host_freq/generated_trees/host_trees/host_tree_19.nwk -p Dataset19 -n 1 -pc 0.85 -ps 0.07 -pd 0.06
Running: java -jar /lustre/fswork/projects/rech/vcu/commun/Co-Phyloformer/generate_host_freq/cophylogeny-ML/code/coala/TGLGenerator.jar -i /lustre/fswork/projects/rech/vcu/commun/Co-Phyloformer/generate_host_freq/generated_trees/host_trees/host_tree_48.nwk -p Dataset48 -n 1 -pc 0.56 -ps 0.01 -pd 0.07
Running: java -jar /lustre/fswork/projects/rech/vcu/commun/Co-Phyloformer/generate_host_freq/cophylogeny-ML/code/coala/TGLGenerator.jar -i /lustre/fswork/projects/rech/vcu/commun/Co-Phyloformer/generate_host_freq/generated_trees/host_trees/host_tree_43.nwk -p Dataset43 -n 1 -pc 0.81 -ps 0.07 -pd 0.05
Running: java -jar /lustre/fswork/projects/rech/vcu/commun/Co-Phyloformer/generate_host_freq/cophylogeny-ML/code/coala/TGLGenerator.jar -i /lustre/fswork/projects/rech/vcu/commun/Co-Phyloformer/generate_host_freq/generated_trees/host_trees/host_tree_30.nwk -p Dataset30 -n 1 -pc 0.6 -ps 0.17 -pd 0.05
Running: java -jar /lustre/fswork/projects/rech/vcu/commun/Co-Phyloformer/generate_host_freq/cophylogeny-ML/code/coala/TGLGenerator.jar -i /lustre/fswork/projects/rech/vcu/commun/Co-Phyloformer/generate_host_freq/generated_trees/host_trees/host_tree_39.nwk -p Dataset39 -n 1 -pc 0.85 -ps 0.04 -pd 0.09
Running: java -jar /lustre/fswork/projects/rech/vcu/commun/Co-Phyloformer/generate_host_freq/cophylogeny-ML/code/coala/TGLGenerator.jar -i /lustre/fswork/projects/rech/vcu/commun/Co-Phyloformer/generate_host_freq/generated_trees/host_trees/host_tree_35.nwk -p Dataset35 -n 1 -pc 0.64 -ps 0.05 -pd 0.28
Running: java -jar /lustre/fswork/projects/rech/vcu/commun/Co-Phyloformer/generate_host_freq/cophylogeny-ML/code/coala/TGLGenerator.jar -i /lustre/fswork/projects/rech/vcu/commun/Co-Phyloformer/generate_host_freq/generated_trees/host_trees/host_tree_21.nwk -p Dataset21 -n 1 -pc 0.93 -ps 0.04 -pd 0.0
Running: java -jar /lustre/fswork/projects/rech/vcu/commun/Co-Phyloformer/generate_host_freq/cophylogeny-ML/code/coala/TGLGenerator.jar -i /lustre/fswork/projects/rech/vcu/commun/Co-Phyloformer/generate_host_freq/generated_trees/host_trees/host_tree_16.nwk -p Dataset16 -n 1 -pc 0.74 -ps 0.03 -pd 0.23
Running: java -jar /lustre/fswork/projects/rech/vcu/commun/Co-Phyloformer/generate_host_freq/cophylogeny-ML/code/coala/TGLGenerator.jar -i /lustre/fswork/projects/rech/vcu/commun/Co-Phyloformer/generate_host_freq/generated_trees/host_trees/host_tree_42.nwk -p Dataset42 -n 1 -pc 0.7 -ps 0.05 -pd 0.15
Running: java -jar /lustre/fswork/projects/rech/vcu/commun/Co-Phyloformer/generate_host_freq/cophylogeny-ML/code/coala/TGLGenerator.jar -i /lustre/fswork/projects/rech/vcu/commun/Co-Phyloformer/generate_host_freq/generated_trees/host_trees/host_tree_31.nwk -p Dataset31 -n 1 -pc 0.66 -ps 0.05 -pd 0.27
Running: java -jar /lustre/fswork/projects/rech/vcu/commun/Co-Phyloformer/generate_host_freq/cophylogeny-ML/code/coala/TGLGenerator.jar -i /lustre/fswork/projects/rech/vcu/commun/Co-Phyloformer/generate_host_freq/generated_trees/host_trees/host_tree_26.nwk -p Dataset26 -n 1 -pc 0.85 -ps 0.04 -pd 0.11
Running: java -jar /lustre/fswork/projects/rech/vcu/commun/Co-Phyloformer/generate_host_freq/cophylogeny-ML/code/coala/TGLGenerator.jar -i /lustre/fswork/projects/rech/vcu/commun/Co-Phyloformer/generate_host_freq/generated_trees/host_trees/host_tree_22.nwk -p Dataset22 -n 1 -pc 0.54 -ps 0.09 -pd 0.08
Running: java -jar /lustre/fswork/projects/rech/vcu/commun/Co-Phyloformer/generate_host_freq/cophylogeny-ML/code/coala/TGLGenerator.jar -i /lustre/fswork/projects/rech/vcu/commun/Co-Phyloformer/generate_host_freq/generated_trees/host_trees/host_tree_23.nwk -p Dataset23 -n 1 -pc 0.89 -ps 0.05 -pd 0.02
Running: java -jar /lustre/fswork/projects/rech/vcu/commun/Co-Phyloformer/generate_host_freq/cophylogeny-ML/code/coala/TGLGenerator.jar -i /lustre/fswork/projects/rech/vcu/commun/Co-Phyloformer/generate_host_freq/generated_trees/host_trees/host_tree_29.nwk -p Dataset29 -n 1 -pc 0.62 -ps 0.15 -pd 0.02
Running: java -jar /lustre/fswork/projects/rech/vcu/commun/Co-Phyloformer/generate_host_freq/cophylogeny-ML/code/coala/TGLGenerator.jar -i /lustre/fswork/projects/rech/vcu/commun/Co-Phyloformer/generate_host_freq/generated_trees/host_trees/host_tree_5.nwk -p Dataset5 -n 1 -pc 0.97 -ps 0.01 -pd 0.01
Running: java -jar /lustre/fswork/projects/rech/vcu/commun/Co-Phyloformer/generate_host_freq/cophylogeny-ML/code/coala/TGLGenerator.jar -i /lustre/fswork/projects/rech/vcu/commun/Co-Phyloformer/generate_host_freq/generated_trees/host_trees/host_tree_13.nwk -p Dataset13 -n 1 -pc 0.85 -ps 0.15 -pd 0.0
Running: java -jar /lustre/fswork/projects/rech/vcu/commun/Co-Phyloformer/generate_host_freq/cophylogeny-ML/code/coala/TGLGenerator.jar -i /lustre/fswork/projects/rech/vcu/commun/Co-Phyloformer/generate_host_freq/generated_trees/host_trees/host_tree_8.nwk -p Dataset8 -n 1 -pc 0.88 -ps 0.01 -pd 0.07
Running: java -jar /lustre/fswork/projects/rech/vcu/commun/Co-Phyloformer/generate_host_freq/cophylogeny-ML/code/coala/TGLGenerator.jar -i /lustre/fswork/projects/rech/vcu/commun/Co-Phyloformer/generate_host_freq/generated_trees/host_trees/host_tree_6.nwk -p Dataset6 -n 1 -pc 0.98 -ps 0.01 -pd 0.01
Running: java -jar /lustre/fswork/projects/rech/vcu/commun/Co-Phyloformer/generate_host_freq/cophylogeny-ML/code/coala/TGLGenerator.jar -i /lustre/fswork/projects/rech/vcu/commun/Co-Phyloformer/generate_host_freq/generated_trees/host_trees/host_tree_20.nwk -p Dataset20 -n 1 -pc 0.74 -ps 0.07 -pd 0.11
Running: java -jar /lustre/fswork/projects/rech/vcu/commun/Co-Phyloformer/generate_host_freq/cophylogeny-ML/code/coala/TGLGenerator.jar -i /lustre/fswork/projects/rech/vcu/commun/Co-Phyloformer/generate_host_freq/generated_trees/host_trees/host_tree_44.nwk -p Dataset44 -n 1 -pc 0.53 -ps 0.2 -pd 0.24
Running: java -jar /lustre/fswork/projects/rech/vcu/commun/Co-Phyloformer/generate_host_freq/cophylogeny-ML/code/coala/TGLGenerator.jar -i /lustre/fswork/projects/rech/vcu/commun/Co-Phyloformer/generate_host_freq/generated_trees/host_trees/host_tree_32.nwk -p Dataset32 -n 1 -pc 0.83 -ps 0.06 -pd 0.04
Running: java -jar /lustre/fswork/projects/rech/vcu/commun/Co-Phyloformer/generate_host_freq/cophylogeny-ML/code/coala/TGLGenerator.jar -i /lustre/fswork/projects/rech/vcu/commun/Co-Phyloformer/generate_host_freq/generated_trees/host_trees/host_tree_45.nwk -p Dataset45 -n 1 -pc 0.79 -ps 0.02 -pd 0.19
Running: java -jar /lustre/fswork/projects/rech/vcu/commun/Co-Phyloformer/generate_host_freq/cophylogeny-ML/code/coala/TGLGenerator.jar -i /lustre/fswork/projects/rech/vcu/commun/Co-Phyloformer/generate_host_freq/generated_trees/host_trees/host_tree_10.nwk -p Dataset10 -n 1 -pc 0.93 -ps 0.02 -pd 0.03
Running: java -jar /lustre/fswork/projects/rech/vcu/commun/Co-Phyloformer/generate_host_freq/cophylogeny-ML/code/coala/TGLGenerator.jar -i /lustre/fswork/projects/rech/vcu/commun/Co-Phyloformer/generate_host_freq/generated_trees/host_trees/host_tree_36.nwk -p Dataset36 -n 1 -pc 0.51 -ps 0.12 -pd 0.23
Running: java -jar /lustre/fswork/projects/rech/vcu/commun/Co-Phyloformer/generate_host_freq/cophylogeny-ML/code/coala/TGLGenerator.jar -i /lustre/fswork/projects/rech/vcu/commun/Co-Phyloformer/generate_host_freq/generated_trees/host_trees/host_tree_25.nwk -p Dataset25 -n 1 -pc 0.72 -ps 0.17 -pd 0.04
Running: java -jar /lustre/fswork/projects/rech/vcu/commun/Co-Phyloformer/generate_host_freq/cophylogeny-ML/code/coala/TGLGenerator.jar -i /lustre/fswork/projects/rech/vcu/commun/Co-Phyloformer/generate_host_freq/generated_trees/host_trees/host_tree_4.nwk -p Dataset4 -n 1 -pc 0.58 -ps 0.37 -pd 0.02
Running: java -jar /lustre/fswork/projects/rech/vcu/commun/Co-Phyloformer/generate_host_freq/cophylogeny-ML/code/coala/TGLGenerator.jar -i /lustre/fswork/projects/rech/vcu/commun/Co-Phyloformer/generate_host_freq/generated_trees/host_trees/host_tree_1.nwk -p Dataset1 -n 1 -pc 0.78 -ps 0.22 -pd 0.0
Running: java -jar /lustre/fswork/projects/rech/vcu/commun/Co-Phyloformer/generate_host_freq/cophylogeny-ML/code/coala/TGLGenerator.jar -i /lustre/fswork/projects/rech/vcu/commun/Co-Phyloformer/generate_host_freq/generated_trees/host_trees/host_tree_11.nwk -p Dataset11 -n 1 -pc 0.51 -ps 0.33 -pd 0.15
Running: java -jar /lustre/fswork/projects/rech/vcu/commun/Co-Phyloformer/generate_host_freq/cophylogeny-ML/code/coala/TGLGenerator.jar -i /lustre/fswork/projects/rech/vcu/commun/Co-Phyloformer/generate_host_freq/generated_trees/host_trees/host_tree_38.nwk -p Dataset38 -n 1 -pc 0.76 -ps 0.13 -pd 0.0
Running: java -jar /lustre/fswork/projects/rech/vcu/commun/Co-Phyloformer/generate_host_freq/cophylogeny-ML/code/coala/TGLGenerator.jar -i /lustre/fswork/projects/rech/vcu/commun/Co-Phyloformer/generate_host_freq/generated_trees/host_trees/host_tree_50.nwk -p Dataset50 -n 1 -pc 0.77 -ps 0.21 -pd 0.02
Running: java -jar /lustre/fswork/projects/rech/vcu/commun/Co-Phyloformer/generate_host_freq/cophylogeny-ML/code/coala/TGLGenerator.jar -i /lustre/fswork/projects/rech/vcu/commun/Co-Phyloformer/generate_host_freq/generated_trees/host_trees/host_tree_49.nwk -p Dataset49 -n 1 -pc 0.86 -ps 0.07 -pd 0.01
Running: java -jar /lustre/fswork/projects/rech/vcu/commun/Co-Phyloformer/generate_host_freq/cophylogeny-ML/code/coala/TGLGenerator.jar -i /lustre/fswork/projects/rech/vcu/commun/Co-Phyloformer/generate_host_freq/generated_trees/host_trees/host_tree_33.nwk -p Dataset33 -n 1 -pc 0.68 -ps 0.09 -pd 0.08
Running: java -jar /lustre/fswork/projects/rech/vcu/commun/Co-Phyloformer/generate_host_freq/cophylogeny-ML/code/coala/TGLGenerator.jar -i /lustre/fswork/projects/rech/vcu/commun/Co-Phyloformer/generate_host_freq/generated_trees/host_trees/host_tree_28.nwk -p Dataset28 -n 1 -pc 0.91 -ps 0.05 -pd 0.02
Running: java -jar /lustre/fswork/projects/rech/vcu/commun/Co-Phyloformer/generate_host_freq/cophylogeny-ML/code/coala/TGLGenerator.jar -i /lustre/fswork/projects/rech/vcu/commun/Co-Phyloformer/generate_host_freq/generated_trees/host_trees/host_tree_40.nwk -p Dataset40 -n 1 -pc 0.74 -ps 0.07 -pd 0.01
Running: java -jar /lustre/fswork/projects/rech/vcu/commun/Co-Phyloformer/generate_host_freq/cophylogeny-ML/code/coala/TGLGenerator.jar -i /lustre/fswork/projects/rech/vcu/commun/Co-Phyloformer/generate_host_freq/generated_trees/host_trees/host_tree_7.nwk -p Dataset7 -n 1 -pc 0.73 -ps 0.08 -pd 0.1
Running: java -jar /lustre/fswork/projects/rech/vcu/commun/Co-Phyloformer/generate_host_freq/cophylogeny-ML/code/coala/TGLGenerator.jar -i /lustre/fswork/projects/rech/vcu/commun/Co-Phyloformer/generate_host_freq/generated_trees/host_trees/host_tree_12.nwk -p Dataset12 -n 1 -pc 0.53 -ps 0.31 -pd 0.03
Running: java -jar /lustre/fswork/projects/rech/vcu/commun/Co-Phyloformer/generate_host_freq/cophylogeny-ML/code/coala/TGLGenerator.jar -i /lustre/fswork/projects/rech/vcu/commun/Co-Phyloformer/generate_host_freq/generated_trees/host_trees/host_tree_15.nwk -p Dataset15 -n 1 -pc 0.69 -ps 0.18 -pd 0.01
Running: java -jar /lustre/fswork/projects/rech/vcu/commun/Co-Phyloformer/generate_host_freq/cophylogeny-ML/code/coala/TGLGenerator.jar -i /lustre/fswork/projects/rech/vcu/commun/Co-Phyloformer/generate_host_freq/generated_trees/host_trees/host_tree_17.nwk -p Dataset17 -n 1 -pc 0.72 -ps 0.18 -pd 0.03
Running: java -jar /lustre/fswork/projects/rech/vcu/commun/Co-Phyloformer/generate_host_freq/cophylogeny-ML/code/coala/TGLGenerator.jar -i /lustre/fswork/projects/rech/vcu/commun/Co-Phyloformer/generate_host_freq/generated_trees/host_trees/host_tree_9.nwk -p Dataset9 -n 1 -pc 0.64 -ps 0.24 -pd 0.07
Running: java -jar /lustre/fswork/projects/rech/vcu/commun/Co-Phyloformer/generate_host_freq/cophylogeny-ML/code/coala/TGLGenerator.jar -i /lustre/fswork/projects/rech/vcu/commun/Co-Phyloformer/generate_host_freq/generated_trees/host_trees/host_tree_46.nwk -p Dataset46 -n 1 -pc 0.5 -ps 0.19 -pd 0.15
Running: java -jar /lustre/fswork/projects/rech/vcu/commun/Co-Phyloformer/generate_host_freq/cophylogeny-ML/code/coala/TGLGenerator.jar -i /lustre/fswork/projects/rech/vcu/commun/Co-Phyloformer/generate_host_freq/generated_trees/host_trees/host_tree_34.nwk -p Dataset34 -n 1 -pc 0.71 -ps 0.19 -pd 0.07
Running: java -jar /lustre/fswork/projects/rech/vcu/commun/Co-Phyloformer/generate_host_freq/cophylogeny-ML/code/coala/TGLGenerator.jar -i /lustre/fswork/projects/rech/vcu/commun/Co-Phyloformer/generate_host_freq/generated_trees/host_trees/host_tree_18.nwk -p Dataset18 -n 1 -pc 0.6 -ps 0.32 -pd 0.03
Moved ./generated_trees/host_trees/Dataset13-1.tgl → ./generated_trees/Datasets/Dataset13-1.tgl
Moved ./generated_trees/host_trees/Dataset17-1.tgl → ./generated_trees/Datasets/Dataset17-1.tgl
Moved ./generated_trees/host_trees/Dataset24-1.tgl → ./generated_trees/Datasets/Dataset24-1.tgl
Moved ./generated_trees/host_trees/Dataset37-1.tgl → ./generated_trees/Datasets/Dataset37-1.tgl
Moved ./generated_trees/host_trees/Dataset2-1.tgl → ./generated_trees/Datasets/Dataset2-1.tgl
Moved ./generated_trees/host_trees/Dataset27-1.tgl → ./generated_trees/Datasets/Dataset27-1.tgl
Warning: ./generated_trees/host_trees/Dataset3-1.tgl not found, skipping move.
Moved ./generated_trees/host_trees/Dataset41-1.tgl → ./generated_trees/Datasets/Dataset41-1.tgl
Warning: ./generated_trees/host_trees/Dataset14-1.tgl not found, skipping move.
Warning: ./generated_trees/host_trees/Dataset47-1.tgl not found, skipping move.
Warning: ./generated_trees/host_trees/Dataset19-1.tgl not found, skipping move.
Warning: ./generated_trees/host_trees/Dataset48-1.tgl not found, skipping move.
Warning: ./generated_trees/host_trees/Dataset43-1.tgl not found, skipping move.
Warning: ./generated_trees/host_trees/Dataset30-1.tgl not found, skipping move.
Warning: ./generated_trees/host_trees/Dataset35-1.tgl not found, skipping move.
Warning: ./generated_trees/host_trees/Dataset21-1.tgl not found, skipping move.
Warning: ./generated_trees/host_trees/Dataset39-1.tgl not found, skipping move.
Warning: ./generated_trees/host_trees/Dataset16-1.tgl not found, skipping move.
Moved ./generated_trees/host_trees/Dataset42-1.tgl → ./generated_trees/Datasets/Dataset42-1.tgl
Warning: ./generated_trees/host_trees/Dataset31-1.tgl not found, skipping move.
Warning: ./generated_trees/host_trees/Dataset26-1.tgl not found, skipping move.
Moved ./generated_trees/host_trees/Dataset22-1.tgl → ./generated_trees/Datasets/Dataset22-1.tgl
Warning: ./generated_trees/host_trees/Dataset23-1.tgl not found, skipping move.
Warning: ./generated_trees/host_trees/Dataset5-1.tgl not found, skipping move.
Warning: ./generated_trees/host_trees/Dataset29-1.tgl not found, skipping move.
Warning: ./generated_trees/host_trees/Dataset8-1.tgl not found, skipping move.
Warning: ./generated_trees/host_trees/Dataset6-1.tgl not found, skipping move.
Warning: ./generated_trees/host_trees/Dataset20-1.tgl not found, skipping move.
Warning: ./generated_trees/host_trees/Dataset44-1.tgl not found, skipping move.
Warning: ./generated_trees/host_trees/Dataset32-1.tgl not found, skipping move.
Warning: ./generated_trees/host_trees/Dataset45-1.tgl not found, skipping move.
Warning: ./generated_trees/host_trees/Dataset10-1.tgl not found, skipping move.
Warning: ./generated_trees/host_trees/Dataset36-1.tgl not found, skipping move.
Warning: ./generated_trees/host_trees/Dataset25-1.tgl not found, skipping move.
Warning: ./generated_trees/host_trees/Dataset4-1.tgl not found, skipping move.
Moved ./generated_trees/host_trees/Dataset1-1.tgl → ./generated_trees/Datasets/Dataset1-1.tgl
Warning: ./generated_trees/host_trees/Dataset11-1.tgl not found, skipping move.
Warning: ./generated_trees/host_trees/Dataset38-1.tgl not found, skipping move.
Warning: ./generated_trees/host_trees/Dataset50-1.tgl not found, skipping move.
Warning: ./generated_trees/host_trees/Dataset49-1.tgl not found, skipping move.
Warning: ./generated_trees/host_trees/Dataset33-1.tgl not found, skipping move.
Warning: ./generated_trees/host_trees/Dataset28-1.tgl not found, skipping move.
Warning: ./generated_trees/host_trees/Dataset40-1.tgl not found, skipping move.
Warning: ./generated_trees/host_trees/Dataset7-1.tgl not found, skipping move.
Warning: ./generated_trees/host_trees/Dataset12-1.tgl not found, skipping move.
Warning: ./generated_trees/host_trees/Dataset9-1.tgl not found, skipping move.
Warning: ./generated_trees/host_trees/Dataset15-1.tgl not found, skipping move.
Warning: ./generated_trees/host_trees/Dataset46-1.tgl not found, skipping move.
Warning: ./generated_trees/host_trees/Dataset34-1.tgl not found, skipping move.
Warning: ./generated_trees/host_trees/Dataset18-1.tgl not found, skipping move.
[TGL generation took 136.25 seconds
Processed: Dataset1-1.tgl
Processed: Dataset24-1.tgl
Processed: Dataset13-1.tgl
Processed: Dataset22-1.tgl
Processed: Dataset27-1.tgl
Processed: Dataset37-1.tgl
Processed: Dataset42-1.tgl
Processed: Dataset2-1.tgl
Processed: Dataset17-1.tgl
Processed: Dataset41-1.tgl
TGL post-processing took 0.07 seconds
Total execution time: 139.47 seconds
Saved: ./generated_trees/output_parasite_with_lengths/parasite_with_lengths_Dataset1-1.nwk
Saved: ./generated_trees/output_parasite_with_lengths/parasite_with_lengths_Dataset24-1.nwk
Saved: ./generated_trees/output_parasite_with_lengths/parasite_with_lengths_Dataset13-1.nwk
Saved: ./generated_trees/output_parasite_with_lengths/parasite_with_lengths_Dataset22-1.nwk
Saved: ./generated_trees/output_parasite_with_lengths/parasite_with_lengths_Dataset27-1.nwk
Saved: ./generated_trees/output_parasite_with_lengths/parasite_with_lengths_Dataset37-1.nwk
Saved: ./generated_trees/output_parasite_with_lengths/parasite_with_lengths_Dataset42-1.nwk
Saved: ./generated_trees/output_parasite_with_lengths/parasite_with_lengths_Dataset2-1.nwk
Saved: ./generated_trees/output_parasite_with_lengths/parasite_with_lengths_Dataset17-1.nwk
Saved: ./generated_trees/output_parasite_with_lengths/parasite_with_lengths_Dataset41-1.nwk
