Generated 50 host trees in './generated_trees/host_trees'.
Frequency files stored in './generated_trees/frequencies'.
Host tree generation took 3.82 seconds
[0.005s][warning][perf,memops] Cannot use file /tmp/hsperfdata_ulf51vy/2469502 because it is locked by another process (errno = 11)
Running: java -jar /lustre/fswork/projects/rech/vcu/commun/Co-Phyloformer/generate_host_freq/cophylogeny-ML/code/coala/TGLGenerator.jar -i /lustre/fswork/projects/rech/vcu/commun/Co-Phyloformer/generate_host_freq/generated_trees/host_trees/host_tree_40.nwk -p Dataset40 -n 1 -pc 0.8 -ps 0.06 -pd 0.03
Running: java -jar /lustre/fswork/projects/rech/vcu/commun/Co-Phyloformer/generate_host_freq/cophylogeny-ML/code/coala/TGLGenerator.jar -i /lustre/fswork/projects/rech/vcu/commun/Co-Phyloformer/generate_host_freq/generated_trees/host_trees/host_tree_47.nwk -p Dataset47 -n 1 -pc 0.57 -ps 0.3 -pd 0.09
Running: java -jar /lustre/fswork/projects/rech/vcu/commun/Co-Phyloformer/generate_host_freq/cophylogeny-ML/code/coala/TGLGenerator.jar -i /lustre/fswork/projects/rech/vcu/commun/Co-Phyloformer/generate_host_freq/generated_trees/host_trees/host_tree_15.nwk -p Dataset15 -n 1 -pc 0.95 -ps 0.04 -pd 0.01
Running: java -jar /lustre/fswork/projects/rech/vcu/commun/Co-Phyloformer/generate_host_freq/cophylogeny-ML/code/coala/TGLGenerator.jar -i /lustre/fswork/projects/rech/vcu/commun/Co-Phyloformer/generate_host_freq/generated_trees/host_trees/host_tree_34.nwk -p Dataset34 -n 1 -pc 0.55 -ps 0.22 -pd 0.13
Running: java -jar /lustre/fswork/projects/rech/vcu/commun/Co-Phyloformer/generate_host_freq/cophylogeny-ML/code/coala/TGLGenerator.jar -i /lustre/fswork/projects/rech/vcu/commun/Co-Phyloformer/generate_host_freq/generated_trees/host_trees/host_tree_45.nwk -p Dataset45 -n 1 -pc 0.85 -ps 0.08 -pd 0.07
Running: java -jar /lustre/fswork/projects/rech/vcu/commun/Co-Phyloformer/generate_host_freq/cophylogeny-ML/code/coala/TGLGenerator.jar -i /lustre/fswork/projects/rech/vcu/commun/Co-Phyloformer/generate_host_freq/generated_trees/host_trees/host_tree_46.nwk -p Dataset46 -n 1 -pc 0.74 -ps 0.02 -pd 0.06
Running: java -jar /lustre/fswork/projects/rech/vcu/commun/Co-Phyloformer/generate_host_freq/cophylogeny-ML/code/coala/TGLGenerator.jar -i /lustre/fswork/projects/rech/vcu/commun/Co-Phyloformer/generate_host_freq/generated_trees/host_trees/host_tree_21.nwk -p Dataset21 -n 1 -pc 0.6 -ps 0.02 -pd 0.18
Running: java -jar /lustre/fswork/projects/rech/vcu/commun/Co-Phyloformer/generate_host_freq/cophylogeny-ML/code/coala/TGLGenerator.jar -i /lustre/fswork/projects/rech/vcu/commun/Co-Phyloformer/generate_host_freq/generated_trees/host_trees/host_tree_28.nwk -p Dataset28 -n 1 -pc 0.59 -ps 0.05 -pd 0.27
Running: java -jar /lustre/fswork/projects/rech/vcu/commun/Co-Phyloformer/generate_host_freq/cophylogeny-ML/code/coala/TGLGenerator.jar -i /lustre/fswork/projects/rech/vcu/commun/Co-Phyloformer/generate_host_freq/generated_trees/host_trees/host_tree_41.nwk -p Dataset41 -n 1 -pc 0.74 -ps 0.15 -pd 0.08
Running: java -jar /lustre/fswork/projects/rech/vcu/commun/Co-Phyloformer/generate_host_freq/cophylogeny-ML/code/coala/TGLGenerator.jar -i /lustre/fswork/projects/rech/vcu/commun/Co-Phyloformer/generate_host_freq/generated_trees/host_trees/host_tree_1.nwk -p Dataset1 -n 1 -pc 0.97 -ps 0.01 -pd 0.0
Running: java -jar /lustre/fswork/projects/rech/vcu/commun/Co-Phyloformer/generate_host_freq/cophylogeny-ML/code/coala/TGLGenerator.jar -i /lustre/fswork/projects/rech/vcu/commun/Co-Phyloformer/generate_host_freq/generated_trees/host_trees/host_tree_36.nwk -p Dataset36 -n 1 -pc 0.73 -ps 0.16 -pd 0.1
Running: java -jar /lustre/fswork/projects/rech/vcu/commun/Co-Phyloformer/generate_host_freq/cophylogeny-ML/code/coala/TGLGenerator.jar -i /lustre/fswork/projects/rech/vcu/commun/Co-Phyloformer/generate_host_freq/generated_trees/host_trees/host_tree_13.nwk -p Dataset13 -n 1 -pc 0.55 -ps 0.21 -pd 0.23
Running: java -jar /lustre/fswork/projects/rech/vcu/commun/Co-Phyloformer/generate_host_freq/cophylogeny-ML/code/coala/TGLGenerator.jar -i /lustre/fswork/projects/rech/vcu/commun/Co-Phyloformer/generate_host_freq/generated_trees/host_trees/host_tree_43.nwk -p Dataset43 -n 1 -pc 0.87 -ps 0.11 -pd 0.01
Running: java -jar /lustre/fswork/projects/rech/vcu/commun/Co-Phyloformer/generate_host_freq/cophylogeny-ML/code/coala/TGLGenerator.jar -i /lustre/fswork/projects/rech/vcu/commun/Co-Phyloformer/generate_host_freq/generated_trees/host_trees/host_tree_33.nwk -p Dataset33 -n 1 -pc 0.5 -ps 0.23 -pd 0.11
Running: java -jar /lustre/fswork/projects/rech/vcu/commun/Co-Phyloformer/generate_host_freq/cophylogeny-ML/code/coala/TGLGenerator.jar -i /lustre/fswork/projects/rech/vcu/commun/Co-Phyloformer/generate_host_freq/generated_trees/host_trees/host_tree_17.nwk -p Dataset17 -n 1 -pc 0.77 -ps 0.02 -pd 0.02
Running: java -jar /lustre/fswork/projects/rech/vcu/commun/Co-Phyloformer/generate_host_freq/cophylogeny-ML/code/coala/TGLGenerator.jar -i /lustre/fswork/projects/rech/vcu/commun/Co-Phyloformer/generate_host_freq/generated_trees/host_trees/host_tree_39.nwk -p Dataset39 -n 1 -pc 0.63 -ps 0.09 -pd 0.13
Running: java -jar /lustre/fswork/projects/rech/vcu/commun/Co-Phyloformer/generate_host_freq/cophylogeny-ML/code/coala/TGLGenerator.jar -i /lustre/fswork/projects/rech/vcu/commun/Co-Phyloformer/generate_host_freq/generated_trees/host_trees/host_tree_30.nwk -p Dataset30 -n 1 -pc 0.51 -ps 0.22 -pd 0.11
Running: java -jar /lustre/fswork/projects/rech/vcu/commun/Co-Phyloformer/generate_host_freq/cophylogeny-ML/code/coala/TGLGenerator.jar -i /lustre/fswork/projects/rech/vcu/commun/Co-Phyloformer/generate_host_freq/generated_trees/host_trees/host_tree_27.nwk -p Dataset27 -n 1 -pc 0.91 -ps 0.01 -pd 0.06
Running: java -jar /lustre/fswork/projects/rech/vcu/commun/Co-Phyloformer/generate_host_freq/cophylogeny-ML/code/coala/TGLGenerator.jar -i /lustre/fswork/projects/rech/vcu/commun/Co-Phyloformer/generate_host_freq/generated_trees/host_trees/host_tree_5.nwk -p Dataset5 -n 1 -pc 0.97 -ps 0.02 -pd 0.01
Running: java -jar /lustre/fswork/projects/rech/vcu/commun/Co-Phyloformer/generate_host_freq/cophylogeny-ML/code/coala/TGLGenerator.jar -i /lustre/fswork/projects/rech/vcu/commun/Co-Phyloformer/generate_host_freq/generated_trees/host_trees/host_tree_4.nwk -p Dataset4 -n 1 -pc 0.8 -ps 0.04 -pd 0.09
Running: java -jar /lustre/fswork/projects/rech/vcu/commun/Co-Phyloformer/generate_host_freq/cophylogeny-ML/code/coala/TGLGenerator.jar -i /lustre/fswork/projects/rech/vcu/commun/Co-Phyloformer/generate_host_freq/generated_trees/host_trees/host_tree_18.nwk -p Dataset18 -n 1 -pc 0.95 -ps 0.04 -pd 0.0
Running: java -jar /lustre/fswork/projects/rech/vcu/commun/Co-Phyloformer/generate_host_freq/cophylogeny-ML/code/coala/TGLGenerator.jar -i /lustre/fswork/projects/rech/vcu/commun/Co-Phyloformer/generate_host_freq/generated_trees/host_trees/host_tree_14.nwk -p Dataset14 -n 1 -pc 0.97 -ps 0.03 -pd 0.0
Running: java -jar /lustre/fswork/projects/rech/vcu/commun/Co-Phyloformer/generate_host_freq/cophylogeny-ML/code/coala/TGLGenerator.jar -i /lustre/fswork/projects/rech/vcu/commun/Co-Phyloformer/generate_host_freq/generated_trees/host_trees/host_tree_23.nwk -p Dataset23 -n 1 -pc 0.98 -ps 0.01 -pd 0.0
Running: java -jar /lustre/fswork/projects/rech/vcu/commun/Co-Phyloformer/generate_host_freq/cophylogeny-ML/code/coala/TGLGenerator.jar -i /lustre/fswork/projects/rech/vcu/commun/Co-Phyloformer/generate_host_freq/generated_trees/host_trees/host_tree_19.nwk -p Dataset19 -n 1 -pc 0.69 -ps 0.07 -pd 0.03
Running: java -jar /lustre/fswork/projects/rech/vcu/commun/Co-Phyloformer/generate_host_freq/cophylogeny-ML/code/coala/TGLGenerator.jar -i /lustre/fswork/projects/rech/vcu/commun/Co-Phyloformer/generate_host_freq/generated_trees/host_trees/host_tree_37.nwk -p Dataset37 -n 1 -pc 0.8 -ps 0.07 -pd 0.05
Running: java -jar /lustre/fswork/projects/rech/vcu/commun/Co-Phyloformer/generate_host_freq/cophylogeny-ML/code/coala/TGLGenerator.jar -i /lustre/fswork/projects/rech/vcu/commun/Co-Phyloformer/generate_host_freq/generated_trees/host_trees/host_tree_48.nwk -p Dataset48 -n 1 -pc 0.75 -ps 0.16 -pd 0.06
Running: java -jar /lustre/fswork/projects/rech/vcu/commun/Co-Phyloformer/generate_host_freq/cophylogeny-ML/code/coala/TGLGenerator.jar -i /lustre/fswork/projects/rech/vcu/commun/Co-Phyloformer/generate_host_freq/generated_trees/host_trees/host_tree_42.nwk -p Dataset42 -n 1 -pc 0.5 -ps 0.29 -pd 0.03
Running: java -jar /lustre/fswork/projects/rech/vcu/commun/Co-Phyloformer/generate_host_freq/cophylogeny-ML/code/coala/TGLGenerator.jar -i /lustre/fswork/projects/rech/vcu/commun/Co-Phyloformer/generate_host_freq/generated_trees/host_trees/host_tree_12.nwk -p Dataset12 -n 1 -pc 0.65 -ps 0.21 -pd 0.12
Running: java -jar /lustre/fswork/projects/rech/vcu/commun/Co-Phyloformer/generate_host_freq/cophylogeny-ML/code/coala/TGLGenerator.jar -i /lustre/fswork/projects/rech/vcu/commun/Co-Phyloformer/generate_host_freq/generated_trees/host_trees/host_tree_38.nwk -p Dataset38 -n 1 -pc 0.6 -ps 0.2 -pd 0.15
Running: java -jar /lustre/fswork/projects/rech/vcu/commun/Co-Phyloformer/generate_host_freq/cophylogeny-ML/code/coala/TGLGenerator.jar -i /lustre/fswork/projects/rech/vcu/commun/Co-Phyloformer/generate_host_freq/generated_trees/host_trees/host_tree_31.nwk -p Dataset31 -n 1 -pc 0.7 -ps 0.08 -pd 0.11
Running: java -jar /lustre/fswork/projects/rech/vcu/commun/Co-Phyloformer/generate_host_freq/cophylogeny-ML/code/coala/TGLGenerator.jar -i /lustre/fswork/projects/rech/vcu/commun/Co-Phyloformer/generate_host_freq/generated_trees/host_trees/host_tree_6.nwk -p Dataset6 -n 1 -pc 0.65 -ps 0.01 -pd 0.11
Running: java -jar /lustre/fswork/projects/rech/vcu/commun/Co-Phyloformer/generate_host_freq/cophylogeny-ML/code/coala/TGLGenerator.jar -i /lustre/fswork/projects/rech/vcu/commun/Co-Phyloformer/generate_host_freq/generated_trees/host_trees/host_tree_44.nwk -p Dataset44 -n 1 -pc 0.9 -ps 0.05 -pd 0.01
Running: java -jar /lustre/fswork/projects/rech/vcu/commun/Co-Phyloformer/generate_host_freq/cophylogeny-ML/code/coala/TGLGenerator.jar -i /lustre/fswork/projects/rech/vcu/commun/Co-Phyloformer/generate_host_freq/generated_trees/host_trees/host_tree_10.nwk -p Dataset10 -n 1 -pc 0.91 -ps 0.01 -pd 0.08
Running: java -jar /lustre/fswork/projects/rech/vcu/commun/Co-Phyloformer/generate_host_freq/cophylogeny-ML/code/coala/TGLGenerator.jar -i /lustre/fswork/projects/rech/vcu/commun/Co-Phyloformer/generate_host_freq/generated_trees/host_trees/host_tree_32.nwk -p Dataset32 -n 1 -pc 0.92 -ps 0.03 -pd 0.05
Running: java -jar /lustre/fswork/projects/rech/vcu/commun/Co-Phyloformer/generate_host_freq/cophylogeny-ML/code/coala/TGLGenerator.jar -i /lustre/fswork/projects/rech/vcu/commun/Co-Phyloformer/generate_host_freq/generated_trees/host_trees/host_tree_49.nwk -p Dataset49 -n 1 -pc 0.63 -ps 0.28 -pd 0.07
Running: java -jar /lustre/fswork/projects/rech/vcu/commun/Co-Phyloformer/generate_host_freq/cophylogeny-ML/code/coala/TGLGenerator.jar -i /lustre/fswork/projects/rech/vcu/commun/Co-Phyloformer/generate_host_freq/generated_trees/host_trees/host_tree_3.nwk -p Dataset3 -n 1 -pc 0.86 -ps 0.08 -pd 0.02
Running: java -jar /lustre/fswork/projects/rech/vcu/commun/Co-Phyloformer/generate_host_freq/cophylogeny-ML/code/coala/TGLGenerator.jar -i /lustre/fswork/projects/rech/vcu/commun/Co-Phyloformer/generate_host_freq/generated_trees/host_trees/host_tree_2.nwk -p Dataset2 -n 1 -pc 0.88 -ps 0.04 -pd 0.03
Running: java -jar /lustre/fswork/projects/rech/vcu/commun/Co-Phyloformer/generate_host_freq/cophylogeny-ML/code/coala/TGLGenerator.jar -i /lustre/fswork/projects/rech/vcu/commun/Co-Phyloformer/generate_host_freq/generated_trees/host_trees/host_tree_25.nwk -p Dataset25 -n 1 -pc 0.9 -ps 0.04 -pd 0.04
Running: java -jar /lustre/fswork/projects/rech/vcu/commun/Co-Phyloformer/generate_host_freq/cophylogeny-ML/code/coala/TGLGenerator.jar -i /lustre/fswork/projects/rech/vcu/commun/Co-Phyloformer/generate_host_freq/generated_trees/host_trees/host_tree_11.nwk -p Dataset11 -n 1 -pc 0.92 -ps 0.05 -pd 0.02
Running: java -jar /lustre/fswork/projects/rech/vcu/commun/Co-Phyloformer/generate_host_freq/cophylogeny-ML/code/coala/TGLGenerator.jar -i /lustre/fswork/projects/rech/vcu/commun/Co-Phyloformer/generate_host_freq/generated_trees/host_trees/host_tree_7.nwk -p Dataset7 -n 1 -pc 0.95 -ps 0.02 -pd 0.03
Running: java -jar /lustre/fswork/projects/rech/vcu/commun/Co-Phyloformer/generate_host_freq/cophylogeny-ML/code/coala/TGLGenerator.jar -i /lustre/fswork/projects/rech/vcu/commun/Co-Phyloformer/generate_host_freq/generated_trees/host_trees/host_tree_22.nwk -p Dataset22 -n 1 -pc 0.66 -ps 0.27 -pd 0.07
Running: java -jar /lustre/fswork/projects/rech/vcu/commun/Co-Phyloformer/generate_host_freq/cophylogeny-ML/code/coala/TGLGenerator.jar -i /lustre/fswork/projects/rech/vcu/commun/Co-Phyloformer/generate_host_freq/generated_trees/host_trees/host_tree_35.nwk -p Dataset35 -n 1 -pc 0.65 -ps 0.12 -pd 0.2
Running: java -jar /lustre/fswork/projects/rech/vcu/commun/Co-Phyloformer/generate_host_freq/cophylogeny-ML/code/coala/TGLGenerator.jar -i /lustre/fswork/projects/rech/vcu/commun/Co-Phyloformer/generate_host_freq/generated_trees/host_trees/host_tree_26.nwk -p Dataset26 -n 1 -pc 0.91 -ps 0.02 -pd 0.05
Running: java -jar /lustre/fswork/projects/rech/vcu/commun/Co-Phyloformer/generate_host_freq/cophylogeny-ML/code/coala/TGLGenerator.jar -i /lustre/fswork/projects/rech/vcu/commun/Co-Phyloformer/generate_host_freq/generated_trees/host_trees/host_tree_50.nwk -p Dataset50 -n 1 -pc 0.52 -ps 0.06 -pd 0.18
Running: java -jar /lustre/fswork/projects/rech/vcu/commun/Co-Phyloformer/generate_host_freq/cophylogeny-ML/code/coala/TGLGenerator.jar -i /lustre/fswork/projects/rech/vcu/commun/Co-Phyloformer/generate_host_freq/generated_trees/host_trees/host_tree_29.nwk -p Dataset29 -n 1 -pc 0.55 -ps 0.13 -pd 0.21
Running: java -jar /lustre/fswork/projects/rech/vcu/commun/Co-Phyloformer/generate_host_freq/cophylogeny-ML/code/coala/TGLGenerator.jar -i /lustre/fswork/projects/rech/vcu/commun/Co-Phyloformer/generate_host_freq/generated_trees/host_trees/host_tree_24.nwk -p Dataset24 -n 1 -pc 0.55 -ps 0.29 -pd 0.1
Running: java -jar /lustre/fswork/projects/rech/vcu/commun/Co-Phyloformer/generate_host_freq/cophylogeny-ML/code/coala/TGLGenerator.jar -i /lustre/fswork/projects/rech/vcu/commun/Co-Phyloformer/generate_host_freq/generated_trees/host_trees/host_tree_20.nwk -p Dataset20 -n 1 -pc 0.89 -ps 0.08 -pd 0.02
Running: java -jar /lustre/fswork/projects/rech/vcu/commun/Co-Phyloformer/generate_host_freq/cophylogeny-ML/code/coala/TGLGenerator.jar -i /lustre/fswork/projects/rech/vcu/commun/Co-Phyloformer/generate_host_freq/generated_trees/host_trees/host_tree_9.nwk -p Dataset9 -n 1 -pc 0.82 -ps 0.01 -pd 0.07
Running: java -jar /lustre/fswork/projects/rech/vcu/commun/Co-Phyloformer/generate_host_freq/cophylogeny-ML/code/coala/TGLGenerator.jar -i /lustre/fswork/projects/rech/vcu/commun/Co-Phyloformer/generate_host_freq/generated_trees/host_trees/host_tree_16.nwk -p Dataset16 -n 1 -pc 0.56 -ps 0.39 -pd 0.03
Running: java -jar /lustre/fswork/projects/rech/vcu/commun/Co-Phyloformer/generate_host_freq/cophylogeny-ML/code/coala/TGLGenerator.jar -i /lustre/fswork/projects/rech/vcu/commun/Co-Phyloformer/generate_host_freq/generated_trees/host_trees/host_tree_8.nwk -p Dataset8 -n 1 -pc 0.66 -ps 0.05 -pd 0.11
Error generating TGL for /lustre/fswork/projects/rech/vcu/commun/Co-Phyloformer/generate_host_freq/generated_trees/host_trees/host_tree_16.nwk
Error generating TGL for /lustre/fswork/projects/rech/vcu/commun/Co-Phyloformer/generate_host_freq/generated_trees/host_trees/host_tree_20.nwk
Error generating TGL for /lustre/fswork/projects/rech/vcu/commun/Co-Phyloformer/generate_host_freq/generated_trees/host_trees/host_tree_40.nwk
Error generating TGL for /lustre/fswork/projects/rech/vcu/commun/Co-Phyloformer/generate_host_freq/generated_trees/host_trees/host_tree_47.nwk
Error generating TGL for /lustre/fswork/projects/rech/vcu/commun/Co-Phyloformer/generate_host_freq/generated_trees/host_trees/host_tree_28.nwk
Error generating TGL for /lustre/fswork/projects/rech/vcu/commun/Co-Phyloformer/generate_host_freq/generated_trees/host_trees/host_tree_15.nwk
Error generating TGL for /lustre/fswork/projects/rech/vcu/commun/Co-Phyloformer/generate_host_freq/generated_trees/host_trees/host_tree_45.nwk
Error generating TGL for /lustre/fswork/projects/rech/vcu/commun/Co-Phyloformer/generate_host_freq/generated_trees/host_trees/host_tree_34.nwk
Error generating TGL for /lustre/fswork/projects/rech/vcu/commun/Co-Phyloformer/generate_host_freq/generated_trees/host_trees/host_tree_21.nwk
Error generating TGL for /lustre/fswork/projects/rech/vcu/commun/Co-Phyloformer/generate_host_freq/generated_trees/host_trees/host_tree_46.nwk
Error generating TGL for /lustre/fswork/projects/rech/vcu/commun/Co-Phyloformer/generate_host_freq/generated_trees/host_trees/host_tree_41.nwk
Error generating TGL for /lustre/fswork/projects/rech/vcu/commun/Co-Phyloformer/generate_host_freq/generated_trees/host_trees/host_tree_1.nwk
Error generating TGL for /lustre/fswork/projects/rech/vcu/commun/Co-Phyloformer/generate_host_freq/generated_trees/host_trees/host_tree_13.nwk
Error generating TGL for /lustre/fswork/projects/rech/vcu/commun/Co-Phyloformer/generate_host_freq/generated_trees/host_trees/host_tree_36.nwk
Error generating TGL for /lustre/fswork/projects/rech/vcu/commun/Co-Phyloformer/generate_host_freq/generated_trees/host_trees/host_tree_43.nwk
Error generating TGL for /lustre/fswork/projects/rech/vcu/commun/Co-Phyloformer/generate_host_freq/generated_trees/host_trees/host_tree_33.nwk
Error generating TGL for /lustre/fswork/projects/rech/vcu/commun/Co-Phyloformer/generate_host_freq/generated_trees/host_trees/host_tree_17.nwk
Error generating TGL for /lustre/fswork/projects/rech/vcu/commun/Co-Phyloformer/generate_host_freq/generated_trees/host_trees/host_tree_30.nwk
Error generating TGL for /lustre/fswork/projects/rech/vcu/commun/Co-Phyloformer/generate_host_freq/generated_trees/host_trees/host_tree_39.nwk
Error generating TGL for /lustre/fswork/projects/rech/vcu/commun/Co-Phyloformer/generate_host_freq/generated_trees/host_trees/host_tree_27.nwk
Error generating TGL for /lustre/fswork/projects/rech/vcu/commun/Co-Phyloformer/generate_host_freq/generated_trees/host_trees/host_tree_5.nwk
Error generating TGL for /lustre/fswork/projects/rech/vcu/commun/Co-Phyloformer/generate_host_freq/generated_trees/host_trees/host_tree_4.nwk
Error generating TGL for /lustre/fswork/projects/rech/vcu/commun/Co-Phyloformer/generate_host_freq/generated_trees/host_trees/host_tree_14.nwk
Error generating TGL for /lustre/fswork/projects/rech/vcu/commun/Co-Phyloformer/generate_host_freq/generated_trees/host_trees/host_tree_18.nwk
Error generating TGL for /lustre/fswork/projects/rech/vcu/commun/Co-Phyloformer/generate_host_freq/generated_trees/host_trees/host_tree_23.nwk
Error generating TGL for /lustre/fswork/projects/rech/vcu/commun/Co-Phyloformer/generate_host_freq/generated_trees/host_trees/host_tree_19.nwk
Error generating TGL for /lustre/fswork/projects/rech/vcu/commun/Co-Phyloformer/generate_host_freq/generated_trees/host_trees/host_tree_37.nwk
Error generating TGL for /lustre/fswork/projects/rech/vcu/commun/Co-Phyloformer/generate_host_freq/generated_trees/host_trees/host_tree_48.nwk
Error generating TGL for /lustre/fswork/projects/rech/vcu/commun/Co-Phyloformer/generate_host_freq/generated_trees/host_trees/host_tree_42.nwk
Error generating TGL for /lustre/fswork/projects/rech/vcu/commun/Co-Phyloformer/generate_host_freq/generated_trees/host_trees/host_tree_12.nwk
Error generating TGL for /lustre/fswork/projects/rech/vcu/commun/Co-Phyloformer/generate_host_freq/generated_trees/host_trees/host_tree_10.nwk
Error generating TGL for /lustre/fswork/projects/rech/vcu/commun/Co-Phyloformer/generate_host_freq/generated_trees/host_trees/host_tree_38.nwk
Error generating TGL for /lustre/fswork/projects/rech/vcu/commun/Co-Phyloformer/generate_host_freq/generated_trees/host_trees/host_tree_31.nwk
Error generating TGL for /lustre/fswork/projects/rech/vcu/commun/Co-Phyloformer/generate_host_freq/generated_trees/host_trees/host_tree_6.nwk
Error generating TGL for /lustre/fswork/projects/rech/vcu/commun/Co-Phyloformer/generate_host_freq/generated_trees/host_trees/host_tree_44.nwk
Error generating TGL for /lustre/fswork/projects/rech/vcu/commun/Co-Phyloformer/generate_host_freq/generated_trees/host_trees/host_tree_32.nwk
Error generating TGL for /lustre/fswork/projects/rech/vcu/commun/Co-Phyloformer/generate_host_freq/generated_trees/host_trees/host_tree_49.nwk
Error generating TGL for /lustre/fswork/projects/rech/vcu/commun/Co-Phyloformer/generate_host_freq/generated_trees/host_trees/host_tree_3.nwk
Error generating TGL for /lustre/fswork/projects/rech/vcu/commun/Co-Phyloformer/generate_host_freq/generated_trees/host_trees/host_tree_2.nwk
Error generating TGL for /lustre/fswork/projects/rech/vcu/commun/Co-Phyloformer/generate_host_freq/generated_trees/host_trees/host_tree_25.nwk
Error generating TGL for /lustre/fswork/projects/rech/vcu/commun/Co-Phyloformer/generate_host_freq/generated_trees/host_trees/host_tree_11.nwk
Error generating TGL for /lustre/fswork/projects/rech/vcu/commun/Co-Phyloformer/generate_host_freq/generated_trees/host_trees/host_tree_7.nwk
Error generating TGL for /lustre/fswork/projects/rech/vcu/commun/Co-Phyloformer/generate_host_freq/generated_trees/host_trees/host_tree_22.nwk
Error generating TGL for /lustre/fswork/projects/rech/vcu/commun/Co-Phyloformer/generate_host_freq/generated_trees/host_trees/host_tree_35.nwk
Error generating TGL for /lustre/fswork/projects/rech/vcu/commun/Co-Phyloformer/generate_host_freq/generated_trees/host_trees/host_tree_26.nwk
Error generating TGL for /lustre/fswork/projects/rech/vcu/commun/Co-Phyloformer/generate_host_freq/generated_trees/host_trees/host_tree_50.nwk
Error generating TGL for /lustre/fswork/projects/rech/vcu/commun/Co-Phyloformer/generate_host_freq/generated_trees/host_trees/host_tree_29.nwk
Error generating TGL for /lustre/fswork/projects/rech/vcu/commun/Co-Phyloformer/generate_host_freq/generated_trees/host_trees/host_tree_24.nwk
Error generating TGL for /lustre/fswork/projects/rech/vcu/commun/Co-Phyloformer/generate_host_freq/generated_trees/host_trees/host_tree_9.nwk
Error generating TGL for /lustre/fswork/projects/rech/vcu/commun/Co-Phyloformer/generate_host_freq/generated_trees/host_trees/host_tree_8.nwk
[TGL generation took 0.77 seconds
TGL post-processing took 0.00 seconds
Total execution time: 4.60 seconds
